
> my-salary-calculator@0.1.0 build
> next build

  ??Next.js 14.2.32

   Creating an optimized production build ...
node.exe : 
위치 줄:1 문자:1
+ & "C:\Program File
s\nodejs/node.exe" "
C:\Program Files\nod
ejs/node_mo ...
+ ~~~~~~~~~~~~~~~~~~
~~~~~~~~~~~~~~~~~~~~
~~~~~~~~~~~~~~~~~~~~
~~~~~~~~~~~
    + CategoryInfo  
            : NotS  
  pecified: (:Str   
 ing) [], Remote    
Exception
    + FullyQualifie 
   dErrorId : Nati  
  veCommandError
 
> Build error occurr
ed
Error: Page "/guides
/[slug]/page" cannot
 use both "use clien
t" and export functi
on "generateStaticPa
rams()".
    at getPageStatic
Info (C:\dev\moneysa
lary\my-salary-calcu
lator\node_modules\n
ext\dist\build\analy
sis\get-page-static-
info.js:468:19)
    at async getStat
icInfoIncludingLayou
ts (C:\dev\moneysala
ry\my-salary-calcula
tor\node_modules\nex
t\dist\build\entries
.js:108:28)
    at async C:\dev\
moneysalary\my-salar
y-calculator\node_mo
dules\next\dist\buil
d\entries.js:410:32
    at async Promise
.all (index 39)
    at async Promise
.all (index 0)
    at async createE
ntrypoints (C:\dev\m
oneysalary\my-salary
-calculator\node_mod
ules\next\dist\build
\entries.js:550:5)
    at async Span.tr
aceAsyncFn (C:\dev\m
oneysalary\my-salary
-calculator\node_mod
ules\next\dist\trace
\trace.js:154:20)
    at async webpack
BuildImpl (C:\dev\mo
neysalary\my-salary-
calculator\node_modu
les\next\dist\build\
webpack-build\impl.j
s:104:25)
    at async Object.
workerMain (C:\dev\m
oneysalary\my-salary
-calculator\node_mod
ules\next\dist\build
\webpack-build\impl.
js:330:20) {
  type: 'Error'
}
